// Vitest Snapshot v1, https://vitest.dev/guide/snapshot.html

exports[`Images > renders all Images list 1`] = `
<DocumentFragment>
  <main>
    <form
      class="flex p-5"
    >
      <select
        class="bg-gray-50 border border-gray-300 text-gray-900 text-sm rounded block mr-5"
        name="imageLayout"
      >
        <option
          selected=""
          value="normal"
        >
          normal
        </option>
        <option
          value="blur"
        >
          blur
        </option>
        <option
          value="grayscale"
        >
          grayscale
        </option>
      </select>
      <button
        class="bg-blue-500 hover:bg-blue-700 text-white font-bold py-2 px-4 rounded"
        type="submit"
      >
        Add Image
      </button>
    </form>
    <ul
      class="grid grid-cols-2 gap-4"
    >
      <li
        class="px-4 cursor-pointer"
      >
        <img
          alt="Foo"
          src="https://foo.bar.download_url"
        />
      </li>
      <li
        class="px-4 cursor-pointer"
      >
        <img
          alt="john"
          src="https://john.doe.download_url"
        />
      </li>
    </ul>
  </main>
</DocumentFragment>
`;
